
========================================================================
  prop_gate: catalyst_flow_swing   stop=8%   n=583   진입 2024-01-23~2026-09-23
  (리포터 — PASS/FAIL·하드코딩 임계값 없음. 아래 숫자를 읽고 사람이 판단)
========================================================================

[1] 슬리피지 스윕 — 비용별 OOS(진입≥train_hi) 기대값 R + 폴드일관
    cost |  oos_n  oos_expR |  raw k/6  clean k/N
    46bp |    583    -0.056 |      0/2        0/2
    80bp |    583    -0.098 |      0/2        0/2
   100bp |    583    -0.123 |      0/2        0/2
   150bp |    583    -0.186 |      0/2        0/2
  → 엣지 사망 비용(OOS expR 첫 ≤0): 46bp

[2] 폴드 재현성 (기준 46bp, 재최적화 없음)
             TEST창     n     expR   양수?  구분
   2020-01~2021-01     0     +nan     ○  INSIDE-TRAIN
   2021-01~2022-01     0     +nan     ○  INSIDE-TRAIN
   2022-01~2023-01     0     +nan     ○  clean OOS
   2023-01~2024-01     0     +nan     ○  clean OOS
   2024-01~2025-01   168   -0.156     ○  clean OOS
   2025-01~2027-01   415   -0.015     ○  clean OOS
  → raw 0/2  |  clean-OOS 0/2  (R2: 6클린폴드 주장 금지 — inside-train ['2020-01~2021-01', '2021-01~2022-01'] 제외)

[3] 분포 모양 + 취약성 (기준 비용, OOS 트레이드)
  n=583  expR=-0.056  승률=36%  손익비=1.62  왜도=+2.16  왼꼬리=47%
  monster top5=-110%  top20=-314%  최장연패=20  중앙값R=-0.693
  꼬리제거(상위20): 기대값 -0.056 → -0.240 (붕괴)

[4] 미접촉 최종창 (R1 held-out) [2025-07-01~2026-07-01) — 폴드와 별개
  n=296  기대값R=-0.016  승률=34%  왜도=+2.21

[5] gate_report 배포신호 (REPORTER)
  OOS n=583  기대값R=-0.056  95%CI=[-0.173, +0.066]
  폴드 0/6 양수  monster=-110%  최장연패=20
  [다중검정 보정 — 시도 config N=1] (선택편향 깎기, 판정 아님)
    건당 Sharpe=-0.038  E[maxSharpe|H0]=0.000  deflated=-0.038
    P(Sharpe>0)=19.0%  P(Sharpe>SR0)=19.0%  t-haircut ×1.00 (문턱 t 1.96→1.96)
# 실행 결과 — 2026-10-08 (러너 자동 생성, 판정 아님)

## 사전등록 config

- 트레이드 n = 583 (진입 ('2024-01-23', '2026-09-23')), 가족별: supply_contract 404, buyback 145, capex 34
- **정합 대조 초과(비용 전, 10일):** alpha -0.38% [-1.32%, +0.57%] · 트레이드 -0.03% vs 대조 +0.35% · p(>0) 0.215 · 짝 없음 1
- **비용(41.5bp) 차감:** 평균 -0.40% [-1.45%, +0.71%] · 중앙값 -5.50% · 승률 35.8% · 상위 1% 제거 -0.98%
- **지수 헤지(비용 차감):** 평균 -2.00% [-2.88%, -1.05%]
- 월별 양수 16/33
- 연도별(비용 차감 평균 · n): 2024 -1.20% · 168, 2025 +0.05% · 225, 2026 -0.23% · 190
- prop_gate: 엣지 사망 비용 0.0046, 원장 N None, gate_report 키 ['cost_edge_dies', 'deflation', 'expectancy_R', 'expectancy_ci', 'fold_consistency', 'max_loss_streak', 'monster_share', 'n']

### 비용 스윕 (prop_gate, OOS 진입≥2022 = 전 표본)

| 왕복 | OOS n | 기대값 R | 승률 |
|---|---|---|---|
| 46bp | 583 | nan |  |
| 80bp | 583 | nan |  |
| 100bp | 583 | nan |  |
| 150bp | 583 | nan |  |

## 민감도 (전부 원장 기록 · 승자선택 금지)

| 칸 | n | 비용차감 평균 | 중앙값 | 승률 | 정합 alpha |
|---|---|---|---|---|---|
| 보유 5일 | 611 | +0.01% | -1.74% | 41.7% | +0.27% [-0.46%, +1.11%] |
| 보유 20일 | 534 | +0.04% | -8.42% | 30.9% | +0.06% [-1.40%, +1.41%] |
| 수급 조건 끔 | 1115 | -0.51% | -6.46% | 34.6% | -0.32% [-1.00%, +0.41%] |
| 추세 조건 끔 | 893 | -0.42% | -6.03% | 36.2% | -0.18% [-0.95%, +0.64%] |
| 상승 상한 끔 | 662 | -0.55% | -6.53% | 35.5% | -0.19% [-1.02%, +0.64%] |

### 촉매 가족별 (사전등록 config, 1칸으로 셈)

| 가족 | n | 비용차감 평균 | 중앙값 | 승률 |
|---|---|---|---|---|
| buyback | 145 | -0.47% | -4.19% | 38.6% |
| capex | 34 | -2.95% | -8.42% | 29.4% |
| supply_contract | 404 | -0.16% | -6.67% | 35.4% |

## 참고 — 2016-12~2023-12 촉매+추세+상한(수급 없음, 판정 미사용)

- n 2107 · 비용차감 평균 -1.44% [-1.92%, -0.95%] · 중앙값 -4.94% · 승률 32.6% · 정합 alpha -0.37% [-0.84%, +0.08%]
- 연도별: 2016 +2.46% · 16, 2017 -0.80% · 182, 2018 -1.82% · 212, 2019 -2.47% · 159, 2020 +0.03% · 391, 2021 -1.24% · 499, 2022 -3.21% · 332, 2023 -1.48% · 316

